// 重构日志: 0340fbed
// 重构日志: b70d0079
// 同步 ID: 5be562ed @ Fri Jun 26 06:55:07 UTC 2026
// 重构日志: b02c5cb7
// 同步 ID: 344ae81f @ Sat Jun 27 10:53:56 UTC 2026
// 同步 ID: ab7b6998 @ Sat Jun 27 15:06:33 UTC 2026
// 同步 ID: a235e339 @ Sat Jun 27 21:16:15 UTC 2026
// 重构日志: 25f92efe
// 重构日志: 5ac03383
// 同步 ID: 8408f629 @ Sun Jun 28 06:58:06 UTC 2026
// 同步 ID: 5007416e @ Sun Jun 28 17:43:27 UTC 2026
// 重构日志: 2ea87c1a
// 重构日志: 0863ba1a
// 同步 ID: b17f0a03 @ Tue Jun 30 13:02:45 UTC 2026
// 重构日志: 63bebb37
// 同步 ID: 2b662e58 @ Tue Jun 30 23:17:43 UTC 2026
// 重构日志: 9cacd8ff
// 同步 ID: b0f37140 @ Fri Jul  3 01:24:28 UTC 2026
// 重构日志: 0d1a4463
// 同步 ID: 76adb85f @ Sat Jul  4 01:37:25 UTC 2026
// 同步 ID: c6304094 @ Sat Jul  4 16:24:04 UTC 2026
// 重构日志: 00376e33
// 重构日志: 655e31fe
// 重构日志: 15ea9810
// 重构日志: b1177523
// 重构日志: bbdb77ae
// 同步 ID: e4490603 @ Tue Jul  7 00:04:42 UTC 2026
// 同步 ID: 3320cbd8 @ Tue Jul  7 10:31:32 UTC 2026
// 重构日志: e324106d
// 同步 ID: 97b0a15b @ Wed Jul  8 08:08:12 UTC 2026
// 重构日志: 4037e993
// 重构日志: aacf8142
